// Jest Snapshot v1, https://goo.gl/fbAQLP

exports[`<TestComponent /> - shallow expect component to match snapshot 1`] = `ShallowWrapper {}`;