// Jest Snapshot v1, https://goo.gl/fbAQLP

exports[`<ConnectedComponent /> expect to render connected component 1`] = `ShallowWrapper {}`;
